23:37:47 **** Incremental Build of configuration Debug for project juankim ****
make -j4 all 
arm-none-eabi-gcc "../Core/Src/main.c" -mcpu=cortex-m4 -std=gnu11 -g3 -DUSE_HAL_DRIVER -DSTM32F411xE -DDEBUG -c -I../Drivers/CMSIS/Include -I../Drivers/STM32F4xx_HAL_Driver/Inc -I../Core/Inc -I../Drivers/CMSIS/Device/ST/STM32F4xx/Include -I../Drivers/STM32F4xx_HAL_Driver/Inc/Legacy -O0 -ffunction-sections -fdata-sections -Wall -fstack-usage -MMD -MP -MF"Core/Src/main.d" -MT"Core/Src/main.o" --specs=nano.specs -mfpu=fpv4-sp-d16 -mfloat-abi=hard -mthumb -o "Core/Src/main.o"
arm-none-eabi-gcc -o "juankim.elf" @"objects.list"   -mcpu=cortex-m4 -T"C:\source\EcoX_wndks\juankim\juankim\STM32F411RETX_FLASH.ld" --specs=nosys.specs -Wl,-Map="juankim.map" -Wl,--gc-sections -static --specs=nano.specs -mfpu=fpv4-sp-d16 -mfloat-abi=hard -mthumb -Wl,--start-group -lc -lm -Wl,--end-group
Finished building target: juankim.elf
 
arm-none-eabi-objdump -h -S  juankim.elf  > "juankim.list"
arm-none-eabi-objcopy  -O binary  juankim.elf  "juankim.bin"
arm-none-eabi-size   juankim.elf 
   text	   data	    bss	    dec	    hex	filename
   8428	     20	   1700	  10148	   27a4	juankim.elf
Finished building: default.size.stdout
Finished building: juankim.bin
Finished building: juankim.list
 
 
 

23:37:52 Build Finished. 0 errors, 0 warnings. (took 5s.67ms)

